// Jest Snapshot v1, https://goo.gl/fbAQLP

exports[`<App /> it should match its reference snapshot 1`] = `""`;
